MPLINK 4.40, Linker
Linker Map File - Created Sun Feb 25 02:33:38 2018

                                 Section Info
                  Section       Type    Address   Location Size(Bytes)
                ---------  ---------  ---------  ---------  ---------
                   .org_0       code   0x000000    program   0x000000
                   .org_1       code   0x000000    program   0x000002
                   .org_2       code   0x000020    program   0x000040



                              Program Memory Usage 
                               Start         End      
                           ---------   ---------      
                            0x000000    0x000000      
                            0x000020    0x00003f      
            33 out of 8454 program addresses used, program memory utilization is 0%



                              Symbols - Sorted by Name
                     Name    Address   Location    Storage File                     
                ---------  ---------  ---------  --------- ---------                
              checkSwitch   0x000024    program     static C:\Users\fudge\Documents\MPLAB_8.76\LEDBlink\LEDBlink.asm
                  loopOne   0x000035    program     static C:\Users\fudge\Documents\MPLAB_8.76\LEDBlink\LEDBlink.asm
                loopThree   0x000039    program     static C:\Users\fudge\Documents\MPLAB_8.76\LEDBlink\LEDBlink.asm
                  loopTwo   0x000037    program     static C:\Users\fudge\Documents\MPLAB_8.76\LEDBlink\LEDBlink.asm
                     main   0x000001    program     static C:\Users\fudge\Documents\MPLAB_8.76\LEDBlink\LEDBlink.asm
           oneSecondDelay   0x000033    program     static C:\Users\fudge\Documents\MPLAB_8.76\LEDBlink\LEDBlink.asm
               startBlink   0x000029    program     static C:\Users\fudge\Documents\MPLAB_8.76\LEDBlink\LEDBlink.asm
                stopBlink   0x000032    program     static C:\Users\fudge\Documents\MPLAB_8.76\LEDBlink\LEDBlink.asm



                              Symbols - Sorted by Address
                     Name    Address   Location    Storage File                     
                ---------  ---------  ---------  --------- ---------                
                     main   0x000001    program     static C:\Users\fudge\Documents\MPLAB_8.76\LEDBlink\LEDBlink.asm
              checkSwitch   0x000024    program     static C:\Users\fudge\Documents\MPLAB_8.76\LEDBlink\LEDBlink.asm
               startBlink   0x000029    program     static C:\Users\fudge\Documents\MPLAB_8.76\LEDBlink\LEDBlink.asm
                stopBlink   0x000032    program     static C:\Users\fudge\Documents\MPLAB_8.76\LEDBlink\LEDBlink.asm
           oneSecondDelay   0x000033    program     static C:\Users\fudge\Documents\MPLAB_8.76\LEDBlink\LEDBlink.asm
                  loopOne   0x000035    program     static C:\Users\fudge\Documents\MPLAB_8.76\LEDBlink\LEDBlink.asm
                  loopTwo   0x000037    program     static C:\Users\fudge\Documents\MPLAB_8.76\LEDBlink\LEDBlink.asm
                loopThree   0x000039    program     static C:\Users\fudge\Documents\MPLAB_8.76\LEDBlink\LEDBlink.asm


